// Jest Snapshot v1, https://goo.gl/fbAQLP

exports[`Cart should create Cart 1`] = `
<div>
  <div
    class="cart-header"
  >
    <div
      class="cart-product"
    >
      <p>
        Product
      </p>
    </div>
    <div
      class="cart-price"
    >
      <p>
        Price
      </p>
    </div>
    <div
      class="cart-quantity"
    >
      <p>
        Quantity
      </p>
    </div>
    <div
      class="cart-total"
    >
      <p>
        Total
      </p>
    </div>
    <div
      class="cart-button"
    />
  </div>
  <hr />
  <div
    class="cart-row"
    id="12345"
  >
    <div
      class="cart-product"
    >
      <img
        alt=""
        src="./img1.jpg"
        width="150px"
      />
      <p>
        cool t-shot
      </p>
    </div>
    <div
      class="cart-price"
    >
      <p>
        760
         
        <br
          class="hidden-br"
        />
        UAH
      </p>
    </div>
    <div
      class="product-quantity"
    >
      <button
        role="button"
      >
        -
      </button>
      <input
        readonly=""
        type="text"
        value="2"
      />
      <button
        role="button"
      >
        +
      </button>
    </div>
    <div
      class="cart-total"
    >
      <p>
        1520
         
        <br
          class="hidden-br"
        />
        UAH
      </p>
    </div>
    <div
      class="cart-button"
    >
      <button
        title="delete produrt"
      >
        X
      </button>
    </div>
  </div>
  <div
    class="cart-row"
    id="67890"
  >
    <div
      class="cart-product"
    >
      <img
        alt=""
        src="./img1.jpg"
        width="150px"
      />
      <p>
        cool dress
      </p>
    </div>
    <div
      class="cart-price"
    >
      <p>
        1900
         
        <br
          class="hidden-br"
        />
        UAH
      </p>
    </div>
    <div
      class="product-quantity"
    >
      <button
        role="button"
      >
        -
      </button>
      <input
        readonly=""
        type="text"
        value="1"
      />
      <button
        role="button"
      >
        +
      </button>
    </div>
    <div
      class="cart-total"
    >
      <p>
        1900
         
        <br
          class="hidden-br"
        />
        UAH
      </p>
    </div>
    <div
      class="cart-button"
    >
      <button
        title="delete produrt"
      >
        X
      </button>
    </div>
  </div>
  <hr />
  <div
    class="cart-amount"
  >
    <button>
      Confirm order
    </button>
    <p
      class="amount"
    >
      3420
       
      UAH
    </p>
  </div>
</div>
`;
