// Jest Snapshot v1, https://goo.gl/fbAQLP

exports[`sorting shoud create Sorting 1`] = `
<div>
  <div
    class="sorting"
  >
    <div
      class="sorting-name"
    >
      by product:
      <select
        id="sort-by-product"
        name="sort-by-product"
      >
        <option
          selected=""
          value="-"
        >
          -
        </option>
        <option
          value="increase"
        >
          increase
        </option>
        <option
          value="decrease"
        >
          decrease
        </option>
      </select>
    </div>
    <div
      class="sorting-name"
    >
      by price:
      <select
        id="sort-by-price"
        name="sort-by-price"
      >
        <option
          selected=""
          value="-"
        >
          -
        </option>
        <option
          value="increase"
        >
          increase
        </option>
        <option
          value="decrease"
        >
          decrease
        </option>
      </select>
    </div>
    <div
      class="product-on-page"
    >
      amount on page:
      <select
        id=""
        name=""
      >
        <option
          selected=""
          value="10"
        >
          10
        </option>
        <option
          value="20"
        >
          20
        </option>
        <option
          value="30"
        >
          30
        </option>
      </select>
    </div>
  </div>
</div>
`;
